[root@Jen-01 ~]# free -h
              total        used        free      shared  buff/cache   available
Mem:            15G        1.0G         11G        714M        3.2G         13G
Swap:          3.0G          0B        3.0G
[root@Jen-01 ~]#


[root@Jen-01 ~]# df -h
Filesystem               Size  Used Avail Use% Mounted on
devtmpfs                 7.8G     0  7.8G   0% /dev
tmpfs                    7.8G   12K  7.8G   1% /dev/shm
tmpfs                    7.8G  723M  7.1G  10% /run
tmpfs                    7.8G     0  7.8G   0% /sys/fs/cgroup
/dev/mapper/centos-root   27G  3.9G   23G  15% /
/dev/sdb1                 30G  5.0G   23G  18% /var/lib/docker
/dev/sda1                497M  211M  286M  43% /boot
/dev/dm-6                 10G  888M  9.2G   9% /var/lib/docker/devicemapper/mnt/199781eac7b4a54c9f8232cebc5dd283aa172074738a327b9c5f903f681bc4a8
shm                       64M     0   64M   0% /var/lib/docker/containers/9fa3de734085fa3edeab52e547a00e07c819febd21d23560293b0dd59ebdad65/mounts/shm
/dev/dm-7                 10G  765M  9.3G   8% /var/lib/docker/devicemapper/mnt/5c5551a7b7877f393dc9a4cb6251265094636d6b58fffb90fbed95e0c70c57b6
shm                       64M     0   64M   0% /var/lib/docker/containers/4b90ec09bda9f40f00763f1a4de4560ec7f57747024a435efa1cf630cf575a72/mounts/shm
tmpfs                    1.6G     0  1.6G   0% /run/user/60104
/dev/dm-4                 10G  920M  9.1G   9% /var/lib/docker/devicemapper/mnt/3f280b8f5fd424356764dbca3bf1ff47a9fe0973129927d91d2936cd1c9fe381
shm                       64M     0   64M   0% /var/lib/docker/containers/0013a7d1c14c45535fe3917653df933ba9e7e378df15af7e0f2bb72a2adb9a49/mounts/shm
/dev/dm-3                 10G  951M  9.1G  10% /var/lib/docker/devicemapper/mnt/c06bd5c3cba77a38c07c90624661a3a14a65d724be883b9a0d1781791281f80d
shm                       64M     0   64M   0% /var/lib/docker/containers/43063f3e2b413e7b446ea70f8c40311544728f7920b48c51f23e017b9348ad42/mounts/shm
[root@Jen-01 ~]#

--------------------------------------------------------------

Initially Create DNS entry

  - repository = "pdns"
  - Add the entry to the relevant DNS file (for .deposit, the file is domain.data/deposit.data)

    - Ex: =jen1.test.infra.deposit:10.17.8.6:300::in

  - Commit to the feature branch and raise a MR to the master
  - After the merge request is merged, checkout the master branch of the pdns repository and run the deploy.sh script (on local machine) to update the hostnames

      naveen@TI-MacBook-Pro pdns % git checkout master

      naveen@TI-MacBook-Pro pdns % ./deploy.sh

  - If any issues persists during the execution, run the below commands manually

      $ ssh nnoorbhasha@dns-00.pro.rz02.deposit-solutions.com

      $ cd /etc/pdns

      $ sudo git pull

      $ sudo make
